create spin.toml
create .gitignore
create README.md
create config/app.rb
create config/routes.rb
create db/schema.rb
create db/migrate/.keep
create app/controllers/application_controller.rb
create app/models/.keep
create app/helpers/.keep
create app/views/layouts/application.html.erb
create public/404.html
create public/500.html
create public/style.css
create bin/blog.rb
create bin/gen.rb
create gen/.keep
create storage/.keep
create tmp/.keep
create test/.keep
ok   new writes the app skeleton and returns the created paths
ok   spin.toml names the package and references the framework
ok   config/routes.rb and db/schema.rb are empty DSL blocks
ok   bin/blog.rb is the app's one binary: server, migrate, db
ok   bin/gen.rb drives the generator
ok   the layout renders csrf_meta_tags, the flash and yield
ok   application_controller.rb and config/app.rb are ready to edit
ok   README.md gives the cybertrain command sequence
create spin.toml
create .gitignore
create README.md
create config/app.rb
create config/routes.rb
create db/schema.rb
create db/migrate/.keep
create app/controllers/application_controller.rb
create app/models/.keep
create app/helpers/.keep
create app/views/layouts/application.html.erb
create public/404.html
create public/500.html
create public/style.css
create bin/shop.rb
create bin/gen.rb
create gen/.keep
create storage/.keep
create tmp/.keep
create test/.keep
ok   CLI new --path expands a relative DIR against the current directory
create spin.toml
create .gitignore
create README.md
create config/app.rb
create config/routes.rb
create db/schema.rb
create db/migrate/.keep
create app/controllers/application_controller.rb
create app/models/.keep
create app/helpers/.keep
create app/views/layouts/application.html.erb
create public/404.html
create public/500.html
create public/style.css
create bin/store.rb
create bin/gen.rb
create gen/.keep
create storage/.keep
create tmp/.keep
create test/.keep
ok   CLI new --path keeps an absolute DIR and works for a nested app dir
error: pass either --path or --version, not both
ok   CLI new rejects --path together with --version
create spin.toml
create .gitignore
create README.md
create config/app.rb
create config/routes.rb
create db/schema.rb
create db/migrate/.keep
create app/controllers/application_controller.rb
create app/models/.keep
create app/helpers/.keep
create app/views/layouts/application.html.erb
create public/404.html
create public/500.html
create public/style.css
create bin/wiki.rb
create bin/gen.rb
create gen/.keep
create storage/.keep
create tmp/.keep
create test/.keep
ok   CLI new --version writes an index constraint
create spin.toml
create .gitignore
create README.md
create config/app.rb
create config/routes.rb
create db/schema.rb
create db/migrate/.keep
create app/controllers/application_controller.rb
create app/models/.keep
create app/helpers/.keep
create app/views/layouts/application.html.erb
create public/404.html
create public/500.html
create public/style.css
create bin/notes.rb
create bin/gen.rb
create gen/.keep
create storage/.keep
create tmp/.keep
create test/.keep
ok   CLI new defaults to this version's release tag
ok   new bootstraps the app with spin lock and spin run gen
error: blog already exists
error: 'Bad Name' is not a valid app name (lowercase letters, digits and _)
error: usage: cybertrain new NAME [--path DIR | --version V] [--skip-spin]
ok   CLI new refuses an existing directory and a bad name
cybertrain 0.1.0
Usage:
  cybertrain new NAME [--path DIR | --version V] [--skip-spin]
      Create an application in NAME, then run `spin lock` and
      `spin run gen` in it (skipped with --skip-spin). Its spin.toml
      depends on this cybertrain's release by default:
        git tag v0.1.0 of https://github.com/saeki-mototsune/cybertrain
      --path DIR: the framework checkout at DIR (relative to the
      current directory; written as an absolute path).
      --version V: the index version constraint V.
  cybertrain generate scaffold NAME field:type ... [parent:references]
      Add a resource to the application in the current directory.
      Types: string, text, integer, float, boolean, date, datetime, references (default string).
  cybertrain version
  cybertrain help
Unknown command 'frobnicate'
Usage:
  cybertrain new NAME [--path DIR | --version V] [--skip-spin]
      Create an application in NAME, then run `spin lock` and
      `spin run gen` in it (skipped with --skip-spin). Its spin.toml
      depends on this cybertrain's release by default:
        git tag v0.1.0 of https://github.com/saeki-mototsune/cybertrain
      --path DIR: the framework checkout at DIR (relative to the
      current directory; written as an absolute path).
      --version V: the index version constraint V.
  cybertrain generate scaffold NAME field:type ... [parent:references]
      Add a resource to the application in the current directory.
      Types: string, text, integer, float, boolean, date, datetime, references (default string).
  cybertrain version
  cybertrain help
Usage:
  cybertrain new NAME [--path DIR | --version V] [--skip-spin]
      Create an application in NAME, then run `spin lock` and
      `spin run gen` in it (skipped with --skip-spin). Its spin.toml
      depends on this cybertrain's release by default:
        git tag v0.1.0 of https://github.com/saeki-mototsune/cybertrain
      --path DIR: the framework checkout at DIR (relative to the
      current directory; written as an absolute path).
      --version V: the index version constraint V.
  cybertrain generate scaffold NAME field:type ... [parent:references]
      Add a resource to the application in the current directory.
      Types: string, text, integer, float, boolean, date, datetime, references (default string).
  cybertrain version
  cybertrain help
ok   CLI version, help and unknown commands
16 tests, 68 assertions, 0 failures
