ok   release_of reads the release out of spinel --version
ok   the managed copy lives under CYBERTRAIN_HOME/spinel/<tag>
ok   usable? wants an executable spinel and spin of the pinned release
ok   a spinel of the pinned release on PATH is used as it is
note: old/spinel is release 2026.09.08; cybertrain 0.2.0 is pinned to Spinel 2026.09.12 and keeps its own copy in home/spinel/2026.09.12
ok   another release on PATH does not count
error: CYBERTRAIN_SPINEL_HOME=old has no spinel 2026.09.12 and spin in old
ok   CYBERTRAIN_SPINEL_HOME names a prefix or its bin directory
ok   the managed copy is picked up when PATH has no match
error: cannot build Spinel 2026.09.12: missing git, make, curl, a C compiler (cc)
  install git, make, curl, a C compiler and the SQLite 3 development headers with your package manager
ok   install refuses to start without the build tools, before touching anything
ok   the build lock is a directory holding the builder's pid
ok   tail, jobs and shell_quote
10 tests, 49 assertions, 0 failures
