ok   form_with a new record posts to the collection path
ok   form_with a persisted record patches the member path
ok   form_with url: and method: without a model
ok   form_with a nested [parent, child] model
ok   text_field escapes the value
ok   label, text_area, hidden_field, number_field and check_box
ok   fields with errors get the field_with_errors class
ok   submit defaults to Create or Update by persisted?
ok   an unknown builder method is a RuntimeError
ok   form_with a new record whose name is its own plural posts to <plural>_index
10 tests, 22 assertions, 0 failures
