ok   literal escapes what a double-quoted Ruby string needs and nothing else
ok   literal writes other control bytes as \u00XX
ok   view_files lists every .erb under app/views, sorted, relative, skipping dotfiles and other files
ok   view_files skips hidden directories, swap files and symlinked directories
ok   without --embed-views the table is empty and the env is untouched
ok   with --embed-views every view is a literal and production becomes the default env
ok   with --embed-views and no app/views, the table is still typed empty, not a bare {}
wrote gen/routes.rb
wrote gen/controllers.rb
wrote gen/views.rb
wrote gen/app.rb
identical gen/routes.rb
identical gen/controllers.rb
wrote gen/views.rb
identical gen/app.rb
identical gen/routes.rb
identical gen/controllers.rb
wrote gen/views.rb
identical gen/app.rb
ok   the runner writes gen/views.rb, empty by default and full with --embed-views
8 tests, 22 assertions, 0 failures
