ok   literal escapes what a double-quoted Ruby string needs and nothing else
ok   view_files lists every file under app/views, sorted, relative
ok   without --embed-views the table is empty and the env is untouched
ok   with --embed-views every view is a literal and production becomes the default env
wrote gen/routes.rb
wrote gen/controllers.rb
wrote gen/views.rb
wrote gen/app.rb
identical gen/routes.rb
identical gen/controllers.rb
wrote gen/views.rb
identical gen/app.rb
identical gen/routes.rb
identical gen/controllers.rb
wrote gen/views.rb
identical gen/app.rb
ok   the runner writes gen/views.rb, empty by default and full with --embed-views
5 tests, 16 assertions, 0 failures
