[INFO] m1 ok
ok   the entry point exposes every M1 feature
ok   an App routes a request through the default stack
ok   the Server serves the same App over a socket
ok   the database layer opens a pooled in-memory SQLite connection
ok   controller, session, flash and CSRF work together through the stack
ok   the schema DSL and migrations are reachable from the entry point
== 20260925000000 CreateNotesMigration: migrating
done
ok   the migrator applies a migration and the dumper reads it back
ok   an Application boots the full stack from config
8 tests, 30 assertions, 0 failures
