ok   a self-rendering partial raises a located template error
ok   the depth is configurable (Interpreter max_depth, Views.configure, Config#max_render_depth)
ok   a max_render_depth below 1 is refused at boot (Views.configure)
ok   two partials rendering each other raise too
ok   the interpreter is usable again after the error
ok   a 10-level chain renders fine
ok   the limit is 12 nested renders, page included
7 tests, 26 assertions, 0 failures
